// Jest Snapshot v1, https://goo.gl/fbAQLP

exports[`Counter.vue generate counter snapshot 1`] = `<div><span>count: 0</span> <button>count++</button></div>`;

exports[`Counter.vue render counter html 1`] = `<div><span>count: 0</span> <button>count++</button></div>`;
